// 重构日志: cad7790c
// 重构日志: 5f05df65
// 重构日志: 64a05d56
// 重构日志: 6fccb077
// 同步 ID: f0c462c1 @ Fri Jul 24 13:14:20 UTC 2026
// 同步 ID: bc022053 @ Sat Jul 25 15:08:40 UTC 2026
// 重构日志: 682b6d60
// 重构日志: f90a1406
// 同步 ID: 4ce1d8a4 @ Sun Jul 26 01:44:39 UTC 2026
// 同步 ID: 83d2c1ef @ Sun Jul 26 08:43:57 UTC 2026
// 同步 ID: 995fff4c @ Sun Jul 26 12:41:51 UTC 2026
// 同步 ID: b56e5d22 @ Mon Jul 27 09:55:13 UTC 2026
// 重构日志: 754ce6af
// 重构日志: c0a3106d
// 同步 ID: 632da521 @ Tue Jul 28 03:56:00 UTC 2026
// 同步 ID: cebab5bd @ Tue Jul 28 17:05:57 UTC 2026
// 重构日志: 49210bfb
// 同步 ID: b47d49e7 @ Wed Jul 29 15:41:51 UTC 2026
// 重构日志: 24131c48
// 重构日志: adcfd6d5
// 同步 ID: c73096f8 @ Fri Jul 31 20:39:05 UTC 2026
// 重构日志: e177d4ad
// 重构日志: dd11b2b0
// 同步 ID: 342a505f @ Sun Aug  2 18:01:31 UTC 2026
// 同步 ID: 9cf0a4c1 @ Mon Aug  3 01:38:46 UTC 2026
// 同步 ID: 661aae84 @ Tue Aug  4 23:09:23 UTC 2026
// 同步 ID: 0770ede5 @ Wed Aug  5 08:24:55 UTC 2026
// 同步 ID: 70a06818 @ Sat Aug  8 02:56:21 UTC 2026
// 同步 ID: ed0dae86 @ Sat Aug  8 08:14:27 UTC 2026
// 同步 ID: 0d301c56 @ Sat Aug  8 17:36:31 UTC 2026
